gplink-2.0.0_beta2 (Aug 27 2017)
Map File - Created 2017-9-25  14:29:50
 
                                 Section Info
                  Section       Type    Address   Location Size(Bytes)
                ---------  ---------  ---------  ---------  ---------
                  STARTUP       code   00000000    program   0x000002
              ID_switch_0       code   0x000001    program   0x0001e6
              code_switch       code   0x0000f4    program   0x000032
             UDL_switch_0      udata   00000000       data   0x000001
 
                              Program Memory Usage
                               Start         End
                           ---------   ---------
                            0x000001    0x0000f3
                            00000000    00000000
                            0x0000f4    0x00010c
 
                            269 program addresses used
 
                              Symbols
                     Name    Address   Location    Storage File
                ---------  ---------  ---------  --------- ---------
                  r0x1000   00000000       data     static switch.asm
                     _rom   0x000001    program     static switch.asm
                    _main   0x0000f4    program     static switch.asm
                    _fun1   0x0000f7    program     static switch.asm
               _00116_DS_   0x0000ff    program     static switch.asm
               _00105_DS_   0x000103    program     static switch.asm
               _00106_DS_   0x000106    program     static switch.asm
               _00107_DS_   0x000108    program     static switch.asm
               _00108_DS_   0x00010b    program     static switch.asm
               _00111_DS_   0x00010c    program     static switch.asm
 
