gpasm-1.9.8 (Jun 12 2017)    withmacro.asm      2017-6-15  17:42:14          PAGE  1


LOC  OBJECT CODE     LINE SOURCE TEXT
  VALUE

                      00001         org 0h
                      00002 Read macro device, buffer
                      00003         movar buffer
                      00004         movra device
                      00005         call delay
                      00006         endm
                      00007         
                      00008         Read 0x01, 0x03
0000   1603               M         movar buffer
0001   1581               M         movra device
0002   2000               M         call delay
0003   0B01           00009         movai 01h
                      00010         Read 0x05, 0x07
0004   1607               M         movar buffer
0005   1585               M         movra device
0006   2000               M         call delay
0007   0000           00011         nop
0008   0B01           00012         movai 01h
0009   15F8           00013         movra 78h
000A   0B80           00014         movai 80h
000B   15FB           00015         movra 7bh
                      00016         
000C                  00017 delay:
000C   0000           00018         nop
000D   0000           00019         nop
000E   000C           00020         return
                      00021 
                      00022 
                      00023         end
gpasm-1.9.8 (Jun 12 2017)    withmacro.asm      2017-6-15  17:42:14          PAGE  2


SYMBOL TABLE
  LABEL                             VALUE

__30P011                          00000001
delay                             0000000C

Errors   :     0
Warnings :     0 reported,     0 suppressed
Messages :     0 reported,     0 suppressed

