gplink-2.0.0_beta2 (Nov  6 2017)
Map File - Created 2017-12-19  11:53:08
 
                                 Section Info
                  Section       Type    Address   Location Size(Bytes)
                ---------  ---------  ---------  ---------  ---------
                  STARTUP       code   00000000    program   0x000002
           code_setglobal       code   0x000001    program   0x00003e
                    .code       code   0x000020    program   0x000024
                   .cinit       code   0x000032    program   0x000010
         ID_setglobal_0_i       code   0x00003a    program   0x000002
           ID_setglobal_1       code   0x00003b    program   0x000002
           ID_setglobal_0      idata   0x000008       data   0x000001
                sharebank      udata   00000000       data   0x000007
          UDL_setglobal_0      udata   0x000007       data   0x000001
      UD_abs_mc35p7041_82      udata   0x000082       data   0x000001
      UD_abs_mc35p7041_83      udata   0x000083       data   0x000001
      UD_abs_mc35p7041_84      udata   0x000084       data   0x000001
      UD_abs_mc35p7041_86      udata   0x000086       data   0x000001
      UD_abs_mc35p7041_8e      udata   0x00008e       data   0x000001
      UD_abs_mc35p7041_8f      udata   0x00008f       data   0x000001
      UD_abs_mc35p7041_a0      udata   0x0000a0       data   0x000001
      UD_abs_mc35p7041_a5      udata   0x0000a5       data   0x000001
      UD_abs_mc35p7041_ad      udata   0x0000ad       data   0x000001
      UD_abs_mc35p7041_ae      udata   0x0000ae       data   0x000001
      UD_abs_mc35p7041_af      udata   0x0000af       data   0x000001
      UD_abs_mc35p7041_b1      udata   0x0000b1       data   0x000001
      UD_abs_mc35p7041_b2      udata   0x0000b2       data   0x000001
      UD_abs_mc35p7041_b3      udata   0x0000b3       data   0x000001
      UD_abs_mc35p7041_b4      udata   0x0000b4       data   0x000001
      UD_abs_mc35p7041_b5      udata   0x0000b5       data   0x000001
      UD_abs_mc35p7041_b8      udata   0x0000b8       data   0x000001
      UD_abs_mc35p7041_bf      udata   0x0000bf       data   0x000001
      UD_abs_mc35p7041_c4      udata   0x0000c4       data   0x000001
      UD_abs_mc35p7041_c5      udata   0x0000c5       data   0x000001
      UD_abs_mc35p7041_c8      udata   0x0000c8       data   0x000001
      UD_abs_mc35p7041_c9      udata   0x0000c9       data   0x000001
      UD_abs_mc35p7041_ca      udata   0x0000ca       data   0x000001
      UD_abs_mc35p7041_cc      udata   0x0000cc       data   0x000001
      UD_abs_mc35p7041_cd      udata   0x0000cd       data   0x000001
      UD_abs_mc35p7041_ce      udata   0x0000ce       data   0x000001
      UD_abs_mc35p7041_cf      udata   0x0000cf       data   0x000001
      UD_abs_mc35p7041_d0      udata   0x0000d0       data   0x000001
      UD_abs_mc35p7041_d4      udata   0x0000d4       data   0x000001
      UD_abs_mc35p7041_d5      udata   0x0000d5       data   0x000001
      UD_abs_mc35p7041_d8      udata   0x0000d8       data   0x000001
      UD_abs_mc35p7041_d9      udata   0x0000d9       data   0x000001
      UD_abs_mc35p7041_da      udata   0x0000da       data   0x000001
      UD_abs_mc35p7041_db      udata   0x0000db       data   0x000001
      UD_abs_mc35p7041_dc      udata   0x0000dc       data   0x000001
      UD_abs_mc35p7041_df      udata   0x0000df       data   0x000001
      UD_abs_mc35p7041_e0      udata   0x0000e0       data   0x000001
      UD_abs_mc35p7041_e4      udata   0x0000e4       data   0x000001
      UD_abs_mc35p7041_e5      udata   0x0000e5       data   0x000001
      UD_abs_mc35p7041_e7      udata   0x0000e7       data   0x000001
      UD_abs_mc35p7041_e8      udata   0x0000e8       data   0x000001
      UD_abs_mc35p7041_e9      udata   0x0000e9       data   0x000001
      UD_abs_mc35p7041_ea      udata   0x0000ea       data   0x000001
      UD_abs_mc35p7041_eb      udata   0x0000eb       data   0x000001
      UD_abs_mc35p7041_ec      udata   0x0000ec       data   0x000001
      UD_abs_mc35p7041_ed      udata   0x0000ed       data   0x000001
      UD_abs_mc35p7041_ee      udata   0x0000ee       data   0x000001
      UD_abs_mc35p7041_f0      udata   0x0000f0       data   0x000001
      UD_abs_mc35p7041_f1      udata   0x0000f1       data   0x000001
      UD_abs_mc35p7041_f2      udata   0x0000f2       data   0x000001
      UD_abs_mc35p7041_f3      udata   0x0000f3       data   0x000001
      UD_abs_mc35p7041_f4      udata   0x0000f4       data   0x000001
      UD_abs_mc35p7041_f5      udata   0x0000f5       data   0x000001
      UD_abs_mc35p7041_f6      udata   0x0000f6       data   0x000001
      UD_abs_mc35p7041_f7      udata   0x0000f7       data   0x000001
      UD_abs_mc35p7041_f8      udata   0x0000f8       data   0x000001
      UD_abs_mc35p7041_f9      udata   0x0000f9       data   0x000001
      UD_abs_mc35p7041_fa      udata   0x0000fa       data   0x000001
      UD_abs_mc35p7041_fb      udata   0x0000fb       data   0x000001
      UD_abs_mc35p7041_fc      udata   0x0000fc       data   0x000001
      UD_abs_mc35p7041_fd      udata   0x0000fd       data   0x000001
      UD_abs_mc35p7041_fe      udata   0x0000fe       data   0x000001
      UD_abs_mc35p7041_ff      udata   0x0000ff       data   0x000001
 
                              Program Memory Usage
                               Start         End
                           ---------   ---------
                            0x00003a    0x00003a
                            0x00003b    0x00003b
                            00000000    00000000
                            0x000001    0x00001f
                            0x000020    0x000031
                            0x000032    0x000039
 
                            60 program addresses used
 
                              Symbols
                     Name    Address   Location    Storage File
                ---------  ---------  ---------  --------- ---------
                    STK06   00000000       data     extern setglobal.asm
                    STK05   0x000001       data     extern setglobal.asm
                    STK04   0x000002       data     extern setglobal.asm
                    STK03   0x000003       data     extern setglobal.asm
                    STK02   0x000004       data     extern setglobal.asm
                    STK01   0x000005       data     extern setglobal.asm
                    STK00   0x000006       data     extern setglobal.asm
                  r0x1001   0x000007       data     static setglobal.asm
                     _c_a   0x000008       data     extern setglobal.asm
                     _c_b   0x00003b    program     extern setglobal.asm
                    _main   0x000001    program     extern setglobal.asm
               _00106_DS_   0x000017    program     static setglobal.asm
               _00110_DS_   0x00001e    program     static setglobal.asm
              _HIBYTEbits   0x000082       data     extern mc35p7041.asm
                  _HIBYTE   0x000082       data     extern mc35p7041.asm
                _FSR0bits   0x000083       data     extern mc35p7041.asm
                    _FSR0   0x000083       data     extern mc35p7041.asm
                _FSR1bits   0x000084       data     extern mc35p7041.asm
                    _FSR1   0x000084       data     extern mc35p7041.asm
               _PFLAGbits   0x000086       data     extern mc35p7041.asm
                   _PFLAG   0x000086       data     extern mc35p7041.asm
              _ZEROTRbits   0x00008e       data     extern mc35p7041.asm
                  _ZEROTR   0x00008e       data     extern mc35p7041.asm
              _OSCCALbits   0x00008f       data     extern mc35p7041.asm
                  _OSCCAL   0x00008f       data     extern mc35p7041.asm
               _WKCR0bits   0x0000a0       data     extern mc35p7041.asm
                   _WKCR0   0x0000a0       data     extern mc35p7041.asm
               _WKCR5bits   0x0000a5       data     extern mc35p7041.asm
                   _WKCR5   0x0000a5       data     extern mc35p7041.asm
              _ADIOS0bits   0x0000ad       data     extern mc35p7041.asm
                  _ADIOS0   0x0000ad       data     extern mc35p7041.asm
              _ADIOS1bits   0x0000ae       data     extern mc35p7041.asm
                  _ADIOS1   0x0000ae       data     extern mc35p7041.asm
              _ADIOS2bits   0x0000af       data     extern mc35p7041.asm
                  _ADIOS2   0x0000af       data     extern mc35p7041.asm
               _ADCR0bits   0x0000b1       data     extern mc35p7041.asm
                   _ADCR0   0x0000b1       data     extern mc35p7041.asm
               _ADCR1bits   0x0000b2       data     extern mc35p7041.asm
                   _ADCR1   0x0000b2       data     extern mc35p7041.asm
                    _ADRH   0x0000b3       data     extern mc35p7041.asm
                    _ADRL   0x0000b4       data     extern mc35p7041.asm
               _ADCR2bits   0x0000b5       data     extern mc35p7041.asm
                   _ADCR2   0x0000b5       data     extern mc35p7041.asm
                _OEP0bits   0x0000b8       data     extern mc35p7041.asm
                    _OEP0   0x0000b8       data     extern mc35p7041.asm
              _EINTCRbits   0x0000bf       data     extern mc35p7041.asm
                  _EINTCR   0x0000bf       data     extern mc35p7041.asm
                _OEP4bits   0x0000c4       data     extern mc35p7041.asm
                    _OEP4   0x0000c4       data     extern mc35p7041.asm
                _OEP5bits   0x0000c5       data     extern mc35p7041.asm
                    _OEP5   0x0000c5       data     extern mc35p7041.asm
                _INTFbits   0x0000c8       data     extern mc35p7041.asm
                    _INTF   0x0000c8       data     extern mc35p7041.asm
                _INTEbits   0x0000c9       data     extern mc35p7041.asm
                    _INTE   0x0000c9       data     extern mc35p7041.asm
                _OSCMbits   0x0000ca       data     extern mc35p7041.asm
                    _OSCM   0x0000ca       data     extern mc35p7041.asm
               _WDTCRbits   0x0000cc       data     extern mc35p7041.asm
                   _WDTCR   0x0000cc       data     extern mc35p7041.asm
               _T1LDRbits   0x0000cd       data     extern mc35p7041.asm
                   _T1LDR   0x0000cd       data     extern mc35p7041.asm
                 _PCLbits   0x0000ce       data     extern mc35p7041.asm
                     _PCL   0x0000ce       data     extern mc35p7041.asm
                 _PCHbits   0x0000cf       data     extern mc35p7041.asm
                     _PCH   0x0000cf       data     extern mc35p7041.asm
                _IOP0bits   0x0000d0       data     extern mc35p7041.asm
                    _IOP0   0x0000d0       data     extern mc35p7041.asm
                _IOP4bits   0x0000d4       data     extern mc35p7041.asm
                    _IOP4   0x0000d4       data     extern mc35p7041.asm
                _IOP5bits   0x0000d5       data     extern mc35p7041.asm
                    _IOP5   0x0000d5       data     extern mc35p7041.asm
                _T0CRbits   0x0000d8       data     extern mc35p7041.asm
                    _T0CR   0x0000d8       data     extern mc35p7041.asm
               _T0CNTbits   0x0000d9       data     extern mc35p7041.asm
                   _T0CNT   0x0000d9       data     extern mc35p7041.asm
                _T1CRbits   0x0000da       data     extern mc35p7041.asm
                    _T1CR   0x0000da       data     extern mc35p7041.asm
               _T1CNTbits   0x0000db       data     extern mc35p7041.asm
                   _T1CNT   0x0000db       data     extern mc35p7041.asm
               _BUZCRbits   0x0000dc       data     extern mc35p7041.asm
                   _BUZCR   0x0000dc       data     extern mc35p7041.asm
                 _MCRbits   0x0000df       data     extern mc35p7041.asm
                     _MCR   0x0000df       data     extern mc35p7041.asm
                _PUP0bits   0x0000e0       data     extern mc35p7041.asm
                    _PUP0   0x0000e0       data     extern mc35p7041.asm
                _PUP4bits   0x0000e4       data     extern mc35p7041.asm
                    _PUP4   0x0000e4       data     extern mc35p7041.asm
                _PUP5bits   0x0000e5       data     extern mc35p7041.asm
                    _PUP5   0x0000e5       data     extern mc35p7041.asm
                _INDFbits   0x0000e7       data     extern mc35p7041.asm
                    _INDF   0x0000e7       data     extern mc35p7041.asm
              _PWMCR0bits   0x0000e8       data     extern mc35p7041.asm
                  _PWMCR0   0x0000e8       data     extern mc35p7041.asm
              _PWMCR1bits   0x0000e9       data     extern mc35p7041.asm
                  _PWMCR1   0x0000e9       data     extern mc35p7041.asm
              _PWMCNTbits   0x0000ea       data     extern mc35p7041.asm
                  _PWMCNT   0x0000ea       data     extern mc35p7041.asm
              _PWMADTbits   0x0000eb       data     extern mc35p7041.asm
                  _PWMADT   0x0000eb       data     extern mc35p7041.asm
              _PWMBDTbits   0x0000ec       data     extern mc35p7041.asm
                  _PWMBDT   0x0000ec       data     extern mc35p7041.asm
              _PWMCDTbits   0x0000ed       data     extern mc35p7041.asm
                  _PWMCDT   0x0000ed       data     extern mc35p7041.asm
               _PWMPDbits   0x0000ee       data     extern mc35p7041.asm
                   _PWMPD   0x0000ee       data     extern mc35p7041.asm
                  _STKR0L   0x0000f0       data     extern mc35p7041.asm
                  _STKR0H   0x0000f1       data     extern mc35p7041.asm
                  _STKR1L   0x0000f2       data     extern mc35p7041.asm
                  _STKR1H   0x0000f3       data     extern mc35p7041.asm
                  _STKR2L   0x0000f4       data     extern mc35p7041.asm
                  _STKR2H   0x0000f5       data     extern mc35p7041.asm
                  _STKR3L   0x0000f6       data     extern mc35p7041.asm
                  _STKR3H   0x0000f7       data     extern mc35p7041.asm
                  _STKR4L   0x0000f8       data     extern mc35p7041.asm
                  _STKR4H   0x0000f9       data     extern mc35p7041.asm
                  _STKR5L   0x0000fa       data     extern mc35p7041.asm
                  _STKR5H   0x0000fb       data     extern mc35p7041.asm
                  _STKR6L   0x0000fc       data     extern mc35p7041.asm
                  _STKR6H   0x0000fd       data     extern mc35p7041.asm
                  _STKR7L   0x0000fe       data     extern mc35p7041.asm
                  _STKR7H   0x0000ff       data     extern mc35p7041.asm
                __gptrget   0x000020    program     extern ../../libsdcc_mc35/_gptrget1.asm
               __gptrget1   0x000020    program     extern ../../libsdcc_mc35/_gptrget1.asm
            __dataptrget1   0x000026    program     static ../../libsdcc_mc35/_gptrget1.asm
            __codeptrget1   0x00002c    program     extern ../../libsdcc_mc35/_gptrget1.asm
                   _cinit   0x000032    program     extern  
 
