gplink-2.0.0_beta2 (Nov  6 2017)
Map File - Created 2017-12-19  11:53:19
 
                                 Section Info
                  Section       Type    Address   Location Size(Bytes)
                ---------  ---------  ---------  ---------  ---------
                  STARTUP       code   00000000    program   0x000002
              code_static       code   0x000001    program   0x000042
                sharebank      udata   00000000       data   0x000007
             UDL_static_0      udata   0x000007       data   0x000002
         UD_abs_static_20      udata   0x000020       data   0x000001
         UD_abs_static_21      udata   0x000021       data   0x000001
 
                              Program Memory Usage
                               Start         End
                           ---------   ---------
                            00000000    00000000
                            0x000001    0x000021
 
                            34 program addresses used
 
                              Symbols
                     Name    Address   Location    Storage File
                ---------  ---------  ---------  --------- ---------
                    STK06   00000000       data     extern static.asm
                    STK05   0x000001       data     extern static.asm
                    STK04   0x000002       data     extern static.asm
                    STK03   0x000003       data     extern static.asm
                    STK02   0x000004       data     extern static.asm
                    STK01   0x000005       data     extern static.asm
                    STK00   0x000006       data     extern static.asm
                    _ram0   0x000020       data     extern static.asm
                    _ram1   0x000021       data     extern static.asm
                  r0x1001   0x000007       data     static static.asm
            _main_c_a_1_2   0x000008       data     static static.asm
                    _main   0x000001    program     extern static.asm
               _00106_DS_   0x000018    program     static static.asm
               _00110_DS_   0x000020    program     static static.asm
 
