gplink-2.0.0_beta2 (Nov  6 2017)
Map File - Created 2017-12-19  11:54:03
 
                                 Section Info
                  Section       Type    Address   Location Size(Bytes)
                ---------  ---------  ---------  ---------  ---------
                  STARTUP       code   00000000    program   0x000002
            code_volatile       code   0x000001    program   0x00004e
                sharebank      udata   00000000       data   0x000007
       UD_abs_volatile_20      udata   0x000020       data   0x000001
           UDL_volatile_0      udata   0x000021       data   0x000002
       UD_abs_volatile_2f      udata   0x00002f       data   0x000001
 
                              Program Memory Usage
                               Start         End
                           ---------   ---------
                            00000000    00000000
                            0x000001    0x000027
 
                            40 program addresses used
 
                              Symbols
                     Name    Address   Location    Storage File
                ---------  ---------  ---------  --------- ---------
                    STK06   00000000       data     extern volatile.asm
                    STK05   0x000001       data     extern volatile.asm
                    STK04   0x000002       data     extern volatile.asm
                    STK03   0x000003       data     extern volatile.asm
                    STK02   0x000004       data     extern volatile.asm
                    STK01   0x000005       data     extern volatile.asm
                    STK00   0x000006       data     extern volatile.asm
                    _ram0   0x000020       data     extern volatile.asm
                    _ram1   0x00002f       data     extern volatile.asm
                  r0x1001   0x000021       data     static volatile.asm
            _main_c_b_1_2   0x000022       data     static volatile.asm
                    _main   0x000001    program     extern volatile.asm
               _00106_DS_   0x00001e    program     static volatile.asm
               _00110_DS_   0x000026    program     static volatile.asm
 
