gplink-2.0.0_beta2 (Nov  6 2017)
Map File - Created 2017-12-19  17:43:37
 
                                 Section Info
                  Section       Type    Address   Location Size(Bytes)
                ---------  ---------  ---------  ---------  ---------
                  STARTUP       code   00000000    program   0x000002
                 code_fun       code   0x000001    program   0x000060
                sharebank      udata   00000000       data   0x000007
                UDL_fun_0      udata   0x000007       data   0x000004
                 UD_fun_0      udata   0x00000b       data   0x000001
            UD_abs_fun_20      udata   0x000020       data   0x000001
            UD_abs_fun_21      udata   0x000021       data   0x000001
 
                              Program Memory Usage
                               Start         End
                           ---------   ---------
                            00000000    00000000
                            0x000001    0x000030
 
                            49 program addresses used
 
                              Symbols
                     Name    Address   Location    Storage File
                ---------  ---------  ---------  --------- ---------
                    STK06   00000000       data     extern fun.asm
                    STK05   0x000001       data     extern fun.asm
                    STK04   0x000002       data     extern fun.asm
                    STK03   0x000003       data     extern fun.asm
                    STK02   0x000004       data     extern fun.asm
                    STK01   0x000005       data     extern fun.asm
                    STK00   0x000006       data     extern fun.asm
                _global_a   0x00000b       data     extern fun.asm
                    _ram0   0x000020       data     extern fun.asm
                    _ram1   0x000021       data     extern fun.asm
                  r0x1001   0x000007       data     static fun.asm
                  r0x1002   0x000008       data     static fun.asm
                  r0x1003   0x000009       data     static fun.asm
                  r0x1004   0x00000a       data     static fun.asm
                    _main   0x000001    program     extern fun.asm
               _00122_DS_   0x000013    program     static fun.asm
                    _fun2   0x000015    program     extern fun.asm
               _00113_DS_   0x000019    program     static fun.asm
               _00116_DS_   0x000021    program     static fun.asm
                    _fun1   0x000023    program     extern fun.asm
               _00105_DS_   0x000027    program     static fun.asm
               _00108_DS_   0x00002f    program     static fun.asm
 
