gplink-1.4.1_beta1 (Oct 15 2013)
Map File - Created 2013-12-13  13:42:46
 
                                 Section Info
                  Section       Type    Address   Location Size(Bytes)
                ---------  ---------  ---------  ---------  ---------
                  STARTUP       code   00000000    program   0x000002
              code_KeySbr       code   0x000001    program   0x00000c
             ID_idata_0_i       code   0x000007    program   0x000002
              c_interrupt       code   0x000008    program   0x00002a
              code_adcsbr       code   0x00001d    program   0x0002ce
          code_displaysbr       code   0x000184    program   0x00011e
           code_T500mssbr       code   0x000213    program   0x0000e8
               code_idata       code   0x000287    program   0x0000dc
             code_initSys       code   0x0002f5    program   0x000088
            code_yddy3221       code   0x000339    program   0x000066
           code_dischgsbr       code   0x00036c    program   0x000064
                    .code       code   0x00039e    program   0x000050
         code_workctrlsbr       code   0x0003c6    program   0x00002e
                   .cinit       code   0x0003dd    program   0x000010
               ID_idata_0      idata   0x000045       data   0x000001
                sharebank      udata   00000000       data   0x000007
              UDL_idata_0      udata   0x000007       data   0x00000c
             UDL_adcsbr_0      udata   0x000013       data   0x000008
            UD_yddy3221_7      udata   0x00001b       data   0x000002
            UD_yddy3221_8      udata   0x00001d       data   0x000002
            UD_yddy3221_9      udata   0x00001f       data   0x000002
          UDL_T500mssbr_0      udata   0x000021       data   0x000002
            UD_yddy3221_0      udata   0x000023       data   0x000001
            UD_yddy3221_1      udata   0x000024       data   0x000001
            UD_yddy3221_2      udata   0x000025       data   0x000001
            UD_yddy3221_3      udata   0x000026       data   0x000001
            UD_yddy3221_4      udata   0x000027       data   0x000001
            UD_yddy3221_5      udata   0x000028       data   0x000001
            UD_yddy3221_6      udata   0x000029       data   0x000001
           UD_yddy3221_10      udata   0x00002a       data   0x000001
           UD_yddy3221_11      udata   0x00002b       data   0x000001
           UD_yddy3221_12      udata   0x00002c       data   0x000001
           UD_yddy3221_13      udata   0x00002d       data   0x000001
           UD_yddy3221_14      udata   0x00002e       data   0x000001
           UD_yddy3221_15      udata   0x00002f       data   0x000001
           UD_yddy3221_16      udata   0x000030       data   0x000001
           UD_yddy3221_17      udata   0x000031       data   0x000001
           UD_yddy3221_18      udata   0x000032       data   0x000001
           UD_yddy3221_19      udata   0x000033       data   0x000001
           UD_yddy3221_20      udata   0x000034       data   0x000001
           UD_yddy3221_21      udata   0x000035       data   0x000001
           UD_yddy3221_22      udata   0x000036       data   0x000001
           UD_yddy3221_23      udata   0x000037       data   0x000001
           UD_yddy3221_24      udata   0x000038       data   0x000001
           UD_yddy3221_25      udata   0x000039       data   0x000001
           UD_yddy3221_26      udata   0x00003a       data   0x000001
           UD_yddy3221_27      udata   0x00003b       data   0x000001
           UD_yddy3221_28      udata   0x00003c       data   0x000001
           UD_yddy3221_29      udata   0x00003d       data   0x000001
           UD_yddy3221_30      udata   0x00003e       data   0x000001
           UD_yddy3221_31      udata   0x00003f       data   0x000001
           UD_yddy3221_32      udata   0x000040       data   0x000001
           UD_yddy3221_33      udata   0x000041       data   0x000001
           UD_yddy3221_34      udata   0x000042       data   0x000001
           UD_yddy3221_35      udata   0x000043       data   0x000001
           UD_yddy3221_36      udata   0x000044       data   0x000001
       UD_abs_mc32p21_180      udata   0x000180       data   0x000001
       UD_abs_mc32p21_181      udata   0x000181       data   0x000001
       UD_abs_mc32p21_182      udata   0x000182       data   0x000001
       UD_abs_mc32p21_183      udata   0x000183       data   0x000001
       UD_abs_mc32p21_184      udata   0x000184       data   0x000001
       UD_abs_mc32p21_185      udata   0x000185       data   0x000001
       UD_abs_mc32p21_186      udata   0x000186       data   0x000001
       UD_abs_mc32p21_187      udata   0x000187       data   0x000001
       UD_abs_mc32p21_188      udata   0x000188       data   0x000001
       UD_abs_mc32p21_189      udata   0x000189       data   0x000001
       UD_abs_mc32p21_18a      udata   0x00018a       data   0x000001
       UD_abs_mc32p21_18b      udata   0x00018b       data   0x000001
       UD_abs_mc32p21_190      udata   0x000190       data   0x000001
       UD_abs_mc32p21_191      udata   0x000191       data   0x000001
       UD_abs_mc32p21_192      udata   0x000192       data   0x000001
       UD_abs_mc32p21_193      udata   0x000193       data   0x000001
       UD_abs_mc32p21_194      udata   0x000194       data   0x000001
       UD_abs_mc32p21_195      udata   0x000195       data   0x000001
       UD_abs_mc32p21_196      udata   0x000196       data   0x000001
       UD_abs_mc32p21_197      udata   0x000197       data   0x000001
       UD_abs_mc32p21_1a0      udata   0x0001a0       data   0x000001
       UD_abs_mc32p21_1a1      udata   0x0001a1       data   0x000001
       UD_abs_mc32p21_1a2      udata   0x0001a2       data   0x000001
       UD_abs_mc32p21_1a3      udata   0x0001a3       data   0x000001
       UD_abs_mc32p21_1a4      udata   0x0001a4       data   0x000001
       UD_abs_mc32p21_1a5      udata   0x0001a5       data   0x000001
       UD_abs_mc32p21_1a6      udata   0x0001a6       data   0x000001
       UD_abs_mc32p21_1a7      udata   0x0001a7       data   0x000001
       UD_abs_mc32p21_1ad      udata   0x0001ad       data   0x000001
       UD_abs_mc32p21_1ae      udata   0x0001ae       data   0x000001
       UD_abs_mc32p21_1b0      udata   0x0001b0       data   0x000001
       UD_abs_mc32p21_1b1      udata   0x0001b1       data   0x000001
       UD_abs_mc32p21_1b4      udata   0x0001b4       data   0x000001
       UD_abs_mc32p21_1b5      udata   0x0001b5       data   0x000001
       UD_abs_mc32p21_1fb      udata   0x0001fb       data   0x000001
 
                              Program Memory Usage
                               Start         End
                           ---------   ---------
                            00000000    00000000
                            0x000339    0x00036b
                            0x0002f5    0x000338
                            0x000008    0x00001c
                            0x0003c6    0x0003dc
                            0x000213    0x000286
                            0x00001d    0x000183
                            0x00036c    0x00039d
                            0x000184    0x000212
                            0x000001    0x000006
                            0x000007    0x000007
                            0x000287    0x0002f4
                            0x00039e    0x0003c5
                            0x0003dd    0x0003e4
 
                            997 program addresses used
 
                              Symbols
                     Name    Address   Location    Storage File
                ---------  ---------  ---------  --------- ---------
                    STK06   00000000       data     extern yddy3221.asm
                    STK05   0x000001       data     extern yddy3221.asm
                    STK04   0x000002       data     extern yddy3221.asm
                    STK03   0x000003       data     extern yddy3221.asm
                    STK02   0x000004       data     extern yddy3221.asm
                    STK01   0x000005       data     extern yddy3221.asm
                    STK00   0x000006       data     extern yddy3221.asm
                   _Flag1   0x000023       data     extern yddy3221.asm
                   _Flag2   0x000024       data     extern yddy3221.asm
                   _Flag3   0x000025       data     extern yddy3221.asm
                    _Buf0   0x000026       data     extern yddy3221.asm
                    _Buf1   0x000027       data     extern yddy3221.asm
                    _Buf2   0x000028       data     extern yddy3221.asm
                   _ADCnt   0x000029       data     extern yddy3221.asm
               _ADVBatBuf   0x00001b       data     extern yddy3221.asm
               _ADVOutBuf   0x00001d       data     extern yddy3221.asm
               _ADIOutBuf   0x00001f       data     extern yddy3221.asm
               _ADVBatMin   0x00002a       data     extern yddy3221.asm
               _ADVBatMax   0x00002b       data     extern yddy3221.asm
                  _ADVOut   0x00002c       data     extern yddy3221.asm
                  _ADVBat   0x00002d       data     extern yddy3221.asm
                  _ADIOut   0x00002e       data     extern yddy3221.asm
               _ADVOutMin   0x00002f       data     extern yddy3221.asm
               _ADVOutMax   0x000030       data     extern yddy3221.asm
                  _ADIMin   0x000031       data     extern yddy3221.asm
                  _ADIMax   0x000032       data     extern yddy3221.asm
                  _T500ms   0x000033       data     extern yddy3221.asm
                  _KeyCnt   0x000034       data     extern yddy3221.asm
               _KeyLongth   0x000035       data     extern yddy3221.asm
               _BatStatus   0x000036       data     extern yddy3221.asm
                 _DispCnt   0x000037       data     extern yddy3221.asm
                  _DisPWM   0x000038       data     extern yddy3221.asm
                  _CHGPWM   0x000039       data     extern yddy3221.asm
               _VinLowCnt   0x00003a       data     extern yddy3221.asm
                _VinHiCnt   0x00003b       data     extern yddy3221.asm
           _ILow0A1Dly10s   0x00003c       data     extern yddy3221.asm
                 _TStop5s   0x00003d       data     extern yddy3221.asm
                 _PwrON5s   0x00003e       data     extern yddy3221.asm
            _CHGV4d2T1min   0x00003f       data     extern yddy3221.asm
           _CHGI100ms1min   0x000040       data     extern yddy3221.asm
               _BatLowCnt   0x000041       data     extern yddy3221.asm
                 _LoadCnt   0x000042       data     extern yddy3221.asm
                    _TSec   0x000043       data     extern yddy3221.asm
                    _TMin   0x000044       data     extern yddy3221.asm
                    _main   0x000339    program     extern yddy3221.asm
               _00114_DS_   0x00033e    program     static yddy3221.asm
               _00106_DS_   0x000357    program     static yddy3221.asm
               _00108_DS_   0x000363    program     static yddy3221.asm
             _CloseDisCHG   0x0002f5    program     extern initSys.asm
            _CHGPinCHKSbr   0x0002fc    program     extern initSys.asm
               _00118_DS_   0x000307    program     static initSys.asm
               _00120_DS_   0x00030f    program     static initSys.asm
               _InitalRAM   0x000310    program     extern initSys.asm
               InitalRAM0   0x000311    program     static initSys.asm
              _InitialSys   0x000319    program     extern initSys.asm
         __sdcc_interrupt   0x000008    program     static interrupt.asm
                 _int_isr   0x000008    program     extern interrupt.asm
               _00106_DS_   0x00000b    program     static interrupt.asm
               _00108_DS_   0x000011    program     static interrupt.asm
               _00111_DS_   0x000017    program     static interrupt.asm
         END_OF_INTERRUPT   0x00001c    program     static interrupt.asm
              _CHGOverSbr   0x0003c6    program     extern workctrlsbr.asm
                _PwrInSbr   0x0003ca    program     extern workctrlsbr.asm
               _00116_DS_   0x0003d2    program     static workctrlsbr.asm
             _WorkCtrlSbr   0x0003d3    program     extern workctrlsbr.asm
               _00106_DS_   0x0003d7    program     static workctrlsbr.asm
               _00109_DS_   0x0003dc    program     static workctrlsbr.asm
                  r0x1009   0x000021       data     static T500mssbr.asm
                  r0x100A   0x000022       data     static T500mssbr.asm
               _T500msSbr   0x000213    program     extern T500mssbr.asm
               _00106_DS_   0x000224    program     static T500mssbr.asm
               _00108_DS_   0x00023a    program     static T500mssbr.asm
               _00110_DS_   0x00023b    program     static T500mssbr.asm
               _00114_DS_   0x000246    program     static T500mssbr.asm
               _00115_DS_   0x000247    program     static T500mssbr.asm
               _00117_DS_   0x000251    program     static T500mssbr.asm
               _00121_DS_   0x00025a    program     static T500mssbr.asm
               _00122_DS_   0x00025b    program     static T500mssbr.asm
               _00126_DS_   0x000264    program     static T500mssbr.asm
               _00127_DS_   0x000265    program     static T500mssbr.asm
               _00129_DS_   0x000266    program     static T500mssbr.asm
               _00133_DS_   0x000278    program     static T500mssbr.asm
               _00134_DS_   0x000279    program     static T500mssbr.asm
               _00136_DS_   0x00027a    program     static T500mssbr.asm
               _00138_DS_   0x000280    program     static T500mssbr.asm
               _00141_DS_   0x000286    program     static T500mssbr.asm
                  r0x1025   0x000013       data     static adcsbr.asm
                  r0x1024   0x000014       data     static adcsbr.asm
                  r0x1022   0x000015       data     static adcsbr.asm
                  r0x1023   0x000016       data     static adcsbr.asm
                  r0x101E   0x000017       data     static adcsbr.asm
                  r0x101F   0x000018       data     static adcsbr.asm
                  r0x101A   0x000019       data     static adcsbr.asm
                  r0x101B   0x00001a       data     static adcsbr.asm
                 _InitADC   0x00001d    program     extern adcsbr.asm
             _ADVStartSbr   0x000025    program     extern adcsbr.asm
               _00215_DS_   0x000028    program     static adcsbr.asm
               _CalADISbr   0x000031    program     extern adcsbr.asm
               _00199_DS_   0x00003a    program     static adcsbr.asm
               _00201_DS_   0x000045    program     static adcsbr.asm
               _00203_DS_   0x00004c    program     static adcsbr.asm
               _00205_DS_   0x00004d    program     static adcsbr.asm
               _00207_DS_   0x000055    program     static adcsbr.asm
               _00209_DS_   0x00005d    program     static adcsbr.asm
               _00210_DS_   0x000067    program     static adcsbr.asm
            _CalADVOutSbr   0x000068    program     extern adcsbr.asm
               _00182_DS_   0x000071    program     static adcsbr.asm
               _00184_DS_   0x00007c    program     static adcsbr.asm
               _00186_DS_   0x000083    program     static adcsbr.asm
               _00188_DS_   0x000084    program     static adcsbr.asm
               _00190_DS_   0x00008c    program     static adcsbr.asm
               _00192_DS_   0x000094    program     static adcsbr.asm
               _00193_DS_   0x00009e    program     static adcsbr.asm
            _CalADVBatSbr   0x00009f    program     extern adcsbr.asm
               _00165_DS_   0x0000a8    program     static adcsbr.asm
               _00167_DS_   0x0000b3    program     static adcsbr.asm
               _00169_DS_   0x0000ba    program     static adcsbr.asm
               _00171_DS_   0x0000bb    program     static adcsbr.asm
               _00173_DS_   0x0000c3    program     static adcsbr.asm
               _00175_DS_   0x0000cb    program     static adcsbr.asm
               _00176_DS_   0x0000d5    program     static adcsbr.asm
                 _IChkSbr   0x0000d6    program     extern adcsbr.asm
               _00153_DS_   0x0000d9    program     static adcsbr.asm
               _00157_DS_   0x0000e5    program     static adcsbr.asm
               _00159_DS_   0x0000e6    program     static adcsbr.asm
            _BatStatusSbr   0x0000e7    program     extern adcsbr.asm
               _00140_DS_   0x0000ef    program     static adcsbr.asm
               _00142_DS_   0x0000f0    program     static adcsbr.asm
               _00144_DS_   0x0000f8    program     static adcsbr.asm
               _00146_DS_   0x0000f9    program     static adcsbr.asm
               _00147_DS_   0x0000fb    program     static adcsbr.asm
               _BatChkSbr   0x0000fc    program     extern adcsbr.asm
               _00125_DS_   0x000103    program     static adcsbr.asm
               _00127_DS_   0x00010b    program     static adcsbr.asm
               _00129_DS_   0x000113    program     static adcsbr.asm
               _00131_DS_   0x00011b    program     static adcsbr.asm
               _00133_DS_   0x000122    program     static adcsbr.asm
               _00134_DS_   0x000124    program     static adcsbr.asm
                  _ADCSbr   0x000125    program     extern adcsbr.asm
               _00106_DS_   0x000135    program     static adcsbr.asm
               _00108_DS_   0x000168    program     static adcsbr.asm
               _00110_DS_   0x000169    program     static adcsbr.asm
               _00112_DS_   0x000176    program     static adcsbr.asm
               _00115_DS_   0x000177    program     static adcsbr.asm
               _00117_DS_   0x00017f    program     static adcsbr.asm
               _00119_DS_   0x000183    program     static adcsbr.asm
              _InitPWMSbr   0x00036c    program     extern dischgsbr.asm
              _AdjVoutSbr   0x000371    program     extern dischgsbr.asm
               _00114_DS_   0x00037b    program     static dischgsbr.asm
               _00116_DS_   0x00037e    program     static dischgsbr.asm
               _00118_DS_   0x000388    program     static dischgsbr.asm
               _00120_DS_   0x00038f    program     static dischgsbr.asm
               _00122_DS_   0x000391    program     static dischgsbr.asm
               _00123_DS_   0x000393    program     static dischgsbr.asm
               _DisCHGSbr   0x000394    program     extern dischgsbr.asm
               _00106_DS_   0x00039b    program     static dischgsbr.asm
               _00108_DS_   0x00039d    program     static dischgsbr.asm
              _DisplaySbr   0x000184    program     extern displaysbr.asm
               _00122_DS_   0x00018e    program     static displaysbr.asm
               _00136_DS_   0x000195    program     static displaysbr.asm
               _00133_DS_   0x00019b    program     static displaysbr.asm
               _00126_DS_   0x00019e    program     static displaysbr.asm
               _00130_DS_   0x0001a3    program     static displaysbr.asm
               _00137_DS_   0x0001a6    program     static displaysbr.asm
               _00138_DS_   0x0001b2    program     static displaysbr.asm
               _00139_DS_   0x0001b3    program     static displaysbr.asm
               _00143_DS_   0x0001ba    program     static displaysbr.asm
               _00146_DS_   0x0001bb    program     static displaysbr.asm
               _00147_DS_   0x0001c5    program     static displaysbr.asm
               _00148_DS_   0x0001c7    program     static displaysbr.asm
               _00151_DS_   0x0001cc    program     static displaysbr.asm
               _00152_DS_   0x0001d0    program     static displaysbr.asm
               _00156_DS_   0x0001d1    program     static displaysbr.asm
               _00157_DS_   0x0001db    program     static displaysbr.asm
               _00158_DS_   0x0001dc    program     static displaysbr.asm
               _00161_DS_   0x0001e1    program     static displaysbr.asm
               _00162_DS_   0x0001e5    program     static displaysbr.asm
               _00163_DS_   0x0001e6    program     static displaysbr.asm
               _00166_DS_   0x0001e7    program     static displaysbr.asm
               _00168_DS_   0x0001ea    program     static displaysbr.asm
               _00170_DS_   0x0001ef    program     static displaysbr.asm
               _00171_DS_   0x0001f7    program     static displaysbr.asm
               _00172_DS_   0x0001f8    program     static displaysbr.asm
               _00175_DS_   0x0001f9    program     static displaysbr.asm
               _00176_DS_   0x000201    program     static displaysbr.asm
               _00181_DS_   0x000202    program     static displaysbr.asm
                _Led4Ligt   0x000203    program     extern displaysbr.asm
                _Led3Ligt   0x000207    program     extern displaysbr.asm
                _Led2Ligt   0x00020b    program     extern displaysbr.asm
                _Led1Ligt   0x00020f    program     extern displaysbr.asm
                _NoKeySbr   0x000001    program     extern KeySbr.asm
             _KeyShortSbr   0x000005    program     extern KeySbr.asm
                  _KeySbr   0x000006    program     extern KeySbr.asm
                    _INDF   0x000180       data     extern mc32p21.asm
                   _INDF0   0x000180       data     extern mc32p21.asm
                   _INDF1   0x000181       data     extern mc32p21.asm
                   _INDF2   0x000182       data     extern mc32p21.asm
                  _HIBYTE   0x000183       data     extern mc32p21.asm
                     _FSR   0x000184       data     extern mc32p21.asm
                    _FSR0   0x000184       data     extern mc32p21.asm
                    _FSR1   0x000185       data     extern mc32p21.asm
                     _PCL   0x000186       data     extern mc32p21.asm
              _STATUSbits   0x000187       data     extern mc32p21.asm
                  _STATUS   0x000187       data     extern mc32p21.asm
                 _MCRbits   0x000188       data     extern mc32p21.asm
                     _MCR   0x000188       data     extern mc32p21.asm
                   _INDF3   0x000189       data     extern mc32p21.asm
                _INTEbits   0x00018a       data     extern mc32p21.asm
                    _INTE   0x00018a       data     extern mc32p21.asm
                _INTFbits   0x00018b       data     extern mc32p21.asm
                    _INTF   0x00018b       data     extern mc32p21.asm
                _IOP0bits   0x000190       data     extern mc32p21.asm
                    _IOP0   0x000190       data     extern mc32p21.asm
                _OEP0bits   0x000191       data     extern mc32p21.asm
                    _OEP0   0x000191       data     extern mc32p21.asm
                _PUP0bits   0x000192       data     extern mc32p21.asm
                    _PUP0   0x000192       data     extern mc32p21.asm
               _ANSELbits   0x000193       data     extern mc32p21.asm
                   _ANSEL   0x000193       data     extern mc32p21.asm
                _IOP1bits   0x000194       data     extern mc32p21.asm
                    _IOP1   0x000194       data     extern mc32p21.asm
                _OEP1bits   0x000195       data     extern mc32p21.asm
                    _OEP1   0x000195       data     extern mc32p21.asm
                _PUP1bits   0x000196       data     extern mc32p21.asm
                    _PUP1   0x000196       data     extern mc32p21.asm
                _KBIMbits   0x000197       data     extern mc32p21.asm
                    _KBIM   0x000197       data     extern mc32p21.asm
                _T0CRbits   0x0001a0       data     extern mc32p21.asm
                    _T0CR   0x0001a0       data     extern mc32p21.asm
                   _T0CNT   0x0001a1       data     extern mc32p21.asm
                  _T0LOAD   0x0001a2       data     extern mc32p21.asm
                  _T0DATA   0x0001a3       data     extern mc32p21.asm
                _T1CRbits   0x0001a4       data     extern mc32p21.asm
                    _T1CR   0x0001a4       data     extern mc32p21.asm
                   _T1CNT   0x0001a5       data     extern mc32p21.asm
                  _T1LOAD   0x0001a6       data     extern mc32p21.asm
                  _T1DATA   0x0001a7       data     extern mc32p21.asm
               _LVDCRbits   0x0001ad       data     extern mc32p21.asm
                   _LVDCR   0x0001ad       data     extern mc32p21.asm
                _OSCMbits   0x0001ae       data     extern mc32p21.asm
                    _OSCM   0x0001ae       data     extern mc32p21.asm
               _ADCR0bits   0x0001b0       data     extern mc32p21.asm
                   _ADCR0   0x0001b0       data     extern mc32p21.asm
               _ADCR1bits   0x0001b1       data     extern mc32p21.asm
                   _ADCR1   0x0001b1       data     extern mc32p21.asm
                    _ADRH   0x0001b4       data     extern mc32p21.asm
                    _ADRL   0x0001b5       data     extern mc32p21.asm
                   _OSCAL   0x0001fb       data     extern mc32p21.asm
                  r0x1001   0x000007       data     static idata.asm
                  r0x1000   0x000008       data     static idata.asm
                  r0x1002   0x000009       data     static idata.asm
                  r0x1003   0x00000a       data     static idata.asm
                  r0x1004   0x00000b       data     static idata.asm
                  r0x1005   0x00000c       data     static idata.asm
                  r0x1007   0x00000d       data     static idata.asm
                  r0x1006   0x00000e       data     static idata.asm
                  r0x1009   0x00000f       data     static idata.asm
                  r0x1008   0x000010       data     static idata.asm
                  r0x100B   0x000011       data     static idata.asm
                  r0x100A   0x000012       data     static idata.asm
             _force_cinit   0x000045       data     static idata.asm
    __sdcc_gsinit_startup   0x000287    program     extern idata.asm
               _00108_DS_   0x000294    program     static idata.asm
               _00105_DS_   0x0002cd    program     static idata.asm
               _00107_DS_   0x0002ee    program     static idata.asm
               _00110_DS_   0x0002f3    program     static idata.asm
                __gptrget   0x00039e    program     extern _gptrget1.S
               __gptrget1   0x00039e    program     extern _gptrget1.S
            __dataptrget1   0x0003a5    program     static _gptrget1.S
            __codeptrget1   0x0003a9    program     extern _gptrget1.S
               __gptrget2   0x0003ac    program     extern ../libsdcc/_gptrget2.S
            __dataptrget2   0x0003b4    program     static ../libsdcc/_gptrget2.S
            __codeptrget2   0x0003bb    program     static ../libsdcc/_gptrget2.S
                   _cinit   0x0003dd    program     extern  
 
